fun (_x : Clap.Lang.Core.F Primes.goldilocks (Clap.Lang.ZMod.instCoreZMod Primes.goldilocks Primes.instFactPrimeGoldilocks)) => Bind.bind.{0, 0} Option.{0} (Monad.toBind.{0, 0} Option.{0} instMonadOption.{0}) Unit Unit (Clap.Lang.Core.eq0 Primes.goldilocks (Clap.Lang.ZMod.instCoreZMod Primes.goldilocks Primes.instFactPrimeGoldilocks) (OfNat.ofNat.{0} (Clap.Lang.Core.F Primes.goldilocks (Clap.Lang.ZMod.instCoreZMod Primes.goldilocks Primes.instFactPrimeGoldilocks)) 0 (Zero.toOfNat0.{0} (Clap.Lang.Core.F Primes.goldilocks (Clap.Lang.ZMod.instCoreZMod Primes.goldilocks Primes.instFactPrimeGoldilocks)) (MulZeroClass.toZero.{0} (Clap.Lang.Core.F Primes.goldilocks (Clap.Lang.ZMod.instCoreZMod Primes.goldilocks Primes.instFactPrimeGoldilocks)) (NonUnitalNonAssocSemiring.toMulZeroClass.{0} (Clap.Lang.Core.F Primes.goldilocks (Clap.Lang.ZMod.instCoreZMod Primes.goldilocks Primes.instFactPrimeGoldilocks)) (NonUnitalNonAssocRing.toNonUnitalNonAssocSemiring.{0} (Clap.Lang.Core.F Primes.goldilocks (Clap.Lang.ZMod.instCoreZMod Primes.goldilocks Primes.instFactPrimeGoldilocks)) (NonUnitalNonAssocCommRing.toNonUnitalNonAssocRing.{0} (Clap.Lang.Core.F Primes.goldilocks (Clap.Lang.ZMod.instCoreZMod Primes.goldilocks Primes.instFactPrimeGoldilocks)) (NonUnitalCommRing.toNonUnitalNonAssocCommRing.{0} (Clap.Lang.Core.F Primes.goldilocks (Clap.Lang.ZMod.instCoreZMod Primes.goldilocks Primes.instFactPrimeGoldilocks)) (CommRing.toNonUnitalCommRing.{0} (Clap.Lang.Core.F Primes.goldilocks (Clap.Lang.ZMod.instCoreZMod Primes.goldilocks Primes.instFactPrimeGoldilocks)) (EuclideanDomain.toCommRing.{0} (Clap.Lang.Core.F Primes.goldilocks (Clap.Lang.ZMod.instCoreZMod Primes.goldilocks Primes.instFactPrimeGoldilocks)) (Field.toEuclideanDomain.{0} (Clap.Lang.Core.F Primes.goldilocks (Clap.Lang.ZMod.instCoreZMod Primes.goldilocks Primes.instFactPrimeGoldilocks)) (Clap.Lang.Core.instF Primes.goldilocks (Clap.Lang.ZMod.instCoreZMod Primes.goldilocks Primes.instFactPrimeGoldilocks))))))))))))) (fun (x._@.Clap.Milestone.2568452067._hygCtx._hyg.56 : PUnit.{1}) => Option.some.{0} Unit (Clap.Lang.Core.accept Primes.goldilocks (Clap.Lang.ZMod.instCoreZMod Primes.goldilocks Primes.instFactPrimeGoldilocks)))